```

mysql> select * from company.companies;
+------------+-------------+--------------+--------------+
| company_id | cname       | industry     | founded_year |
+------------+-------------+--------------+--------------+
|          1 | TechNova    | Technology   |         2005 |
|          2 | HealthFirst | Healthcare   |         2010 |
|          3 | EcoBuild    | Construction |         2001 |
|          4 | FinCore     | Finance      |         2015 |
|          5 | EduSpark    | Education    |         2018 |
+------------+-------------+--------------+--------------+
5 rows in set (0.00 sec)

mysql> select * from department.service;
+------------+---------------------+------------------------------------------+--------------+-------------+
| service_id | service_name        | service_description                      | service_date | cname       |
+------------+---------------------+------------------------------------------+--------------+-------------+
|          1 | Cloud Hosting       | High-performance cloud hosting solutions | 2023-05-10   | TechNova    |
|          2 | Medical Checkup     | Annual health checkup program            | 2023-06-15   | HealthFirst |
|          3 | Smart Building      | Automated construction tech              | 2023-07-20   | EcoBuild    |
|          4 | Investment Planning | Personalized financial advice            | 2023-08-05   | FinCore     |
|          5 | Online Courses      | Interactive e-learning platform          | 2023-09-12   | EduSpark    |
+------------+---------------------+------------------------------------------+--------------+-------------+
5 rows in set (0.00 sec)

mysql> select * from employee.person;
+----+------------+-----------+------+-------------+
| id | first_name | last_name | age  | cname       |
+----+------------+-----------+------+-------------+
|  1 | John       | Doe       |   28 | TechNova    |
|  2 | Alice      | Smith     |   32 | HealthFirst |
|  3 | Bob        | Johnson   |   45 | EcoBuild    |
|  4 | Clara      | White     |   29 | FinCore     |
|  5 | Evan       | Brown     |   35 | EduSpark    |
+----+------------+-----------+------+-------------+
5 rows in set (0.00 sec)


mysql> ^C
mysql> select c.company_id,c.cname,s.service_id,s.service_name,p.id,p.first_name from company.companies as c inner join department.service as s on c.cname=s.cname inner join employee.person as p on c.cname=p.cname;
+------------+-------------+------------+---------------------+----+------------+
| company_id | cname       | service_id | service_name        | id | first_name |
+------------+-------------+------------+---------------------+----+------------+
|          3 | EcoBuild    |          3 | Smart Building      |  3 | Bob        |
|          4 | FinCore     |          4 | Investment Planning |  4 | Clara      |
|          2 | HealthFirst |          2 | Medical Checkup     |  2 | Alice      |
|          1 | TechNova    |          1 | Cloud Hosting       |  1 | John       |
+------------+-------------+------------+---------------------+----+------------+
4 rows in set (0.00 sec)











CREATE TABLE department.service (
    service_id INT AUTO_INCREMENT PRIMARY KEY,
    service_name VARCHAR(100) NOT NULL,
    service_description TEXT,
    service_date DATE,
	cname VARCHAR(100) NOT NULL
    );



CREATE TABLE employee.person (
    id INT PRIMARY KEY AUTO_INCREMENT,
    first_name VARCHAR(50),
    last_name VARCHAR(50),
    age INT,
    cname VARCHAR(100) NOT NULL
);


CREATE TABLE company.companies (INSERT INTO employee.person (first_name, last_name, age, cname) VALUES
('John', 'Doe', 28, 'TechNova'),
('Alice', 'Smith', 32, 'HealthFirst'),
('Bob', 'Johnson', 45, 'EcoBuild'),
('Clara', 'White', 29, 'FinCore'),
('Evan', 'Brown', 35, 'EduSpark');

    company_id INT PRIMARY KEY AUTO_INCREMENT,
    cname VARCHAR(100) NOT NULL,
    industry VARCHAR(100),
    founded_year INT  
);


INSERT INTO company.companies (cname, industry, founded_year) VALUES
('TechNova', 'Technology', 2005),
('HealthFirst', 'Healthcare', 2010),
('EcoBuild', 'Construction', 2001),
('FinCore', 'Finance', 2015),
('EduSpark', 'Education', 2018);


INSERT INTO department.service (service_name, service_description, service_date, cname) VALUES
('Cloud Hosting', 'High-performance cloud hosting solutions', '2023-05-10', 'TechNova'),
('Medical Checkup', 'Annual health checkup program', '2023-06-15', 'HealthFirst'),
('Smart Building', 'Automated construction tech', '2023-07-20', 'EcoBuild'),
('Investment Planning', 'Personalized financial advice', '2023-08-05', 'FinCore'),
('Online Courses', 'Interactive e-learning platform', '2023-09-12', 'EduSpark');



Primary Key vs Foreign Key
A primary key uniquely identifies each record in a table.

A foreign key is used to create a relationship between two tables by referring to a primary key (or a unique key) in another table.

🔹 Foreign Key Reference:
You can use a non-primary column (like cname) as a foreign key, as long as it is either unique or indexed in the parent table (in this case, the company.companies table).

By default, foreign keys refer to primary keys or unique keys. If cname is not a primary key but still unique in company.companies, you can reference it as a foreign key.

🔹 What to do in this case?
If cname is meant to uniquely identify a company, then you should create a unique constraint on cname in the company.companies table. This ensures that each company name is unique and can be referenced as a foreign key in other tables.

🔹 How to Ensure cname is Unique:
You can create a unique index on cname in the company.companies table, which will allow it to be used as a foreign key.

sql
Copy
Edit
-- Ensure 'cname' is unique in company.companies table
ALTER TABLE company.companies
ADD CONSTRAINT unique_cname UNIQUE (cname);
This will allow cname to be used as a foreign key in the employee.person and department.service tables.

🔹 In Summary:
Primary Key: Not required for cname to be referenced as a foreign key.

Unique Constraint: You only need cname to be unique (through a UNIQUE constraint or primary key) in the parent table (company.companies).

Foreign Key: You can reference cname in other tables if it's unique.

Example Schema Update:
sql
Copy
Edit
-- Create unique constraint on 'cname' in companies table
ALTER TABLE company.companies
ADD CONSTRAINT unique_cname UNIQUE (cname);

-- Add foreign key for employee.person table
ALTER TABLE employee.person
ADD CONSTRAINT fk_employee_company
FOREIGN KEY (cname) REFERENCES company.companies(cname)
ON DELETE CASCADE
ON UPDATE CASCADE;

-- Add foreign key for department.service table
ALTER TABLE department.service
ADD CONSTRAINT fk_service_company
FOREIGN KEY (cname) REFERENCES company.companies(cname)
ON DELETE CASCADE
ON UPDATE CASCADE;
Let me know if you need further clarification or assistance!







You said:
is compulsy to unique


ChatGPT said:
No, it is not compulsory for the cname column to be unique in the company.companies table in order to reference it as a foreign key. However, there are some important points to consider:

🔹 What You Need for a Foreign Key:
A foreign key must reference a primary key or a unique key in another table. The referenced column needs to have unique values to ensure each foreign key entry can correctly map to a valid record in the parent table.

🔹 Can cname Be Non-Unique?
If cname is not unique in the company.companies table (i.e., multiple companies could have the same company name), you can still reference it as a foreign key in other tables if it is indexed, but this would be less ideal.

🔹 Why Unique is Preferred:
The reason for making cname unique (through a UNIQUE constraint) is to ensure that there is only one company per cname. This way, every time a foreign key references cname, it refers to exactly one company, preventing ambiguity.

If cname is not unique, you could run into issues where an employee or service is linked to multiple companies with the same name, leading to data integrity problems.

🔹 What to Do:
If you want to enforce that each company name is unique and avoid issues with duplicate company names, it’s best to make cname unique.

If it's okay for cname to be non-unique, you can still create a foreign key, but it would refer to potentially multiple companies with the same name, which might cause confusion.

🔹 Scenario 1: cname is Unique (Recommended)
Add a unique constraint on cname to make sure each company name is distinct:

sql
Copy
Edit
ALTER TABLE company.companies
ADD CONSTRAINT unique_cname UNIQUE (cname);
This will allow you to use cname as a safe foreign key.

🔹 Scenario 2: cname is Not Unique (Less Ideal)
You can still use cname as a foreign key, but you should be aware of the potential data integrity issues:

sql
Copy
Edit
-- Foreign key without uniqueness on cname (less ideal)
ALTER TABLE employee.person
ADD CONSTRAINT fk_employee_company
FOREIGN KEY (cname) REFERENCES company.companies(cname)
ON DELETE CASCADE
ON UPDATE CASCADE;
🔹 Conclusion:
Unique is highly recommended for ensuring data integrity, but it is not strictly required if you don’t mind having multiple companies with the same cname.

If you choose not to make cname unique, just be cautious about how you handle the data.

The error you're encountering—"Missing index for constraint"—occurs because the column you're trying to reference (cname) in company.companies is not indexed. For a foreign key to work, the referenced column in the parent table must be either a primary key or unique, and it must be indexed.

Here's what you need to do:
Ensure cname in company.companies is unique or indexed. If it is not already indexed, you need to create a unique index on cname.

Step 1: Add a Unique Index on cname in company.companies
You need to create a unique index on the cname column in the company.companies table to make it valid for referencing by the foreign key:

sql
Copy
Edit
ALTER TABLE company.companies
ADD CONSTRAINT unique_cname UNIQUE (cname);
This will create a unique constraint on the cname column, ensuring that each company name is unique, and it can be referenced by the foreign key in the department.service table.

Step 2: Add the Foreign Key Constraint Again
Now that cname in company.companies is indexed (and unique), you can proceed with adding the foreign key in the department.service table:


ALTER TABLE department.service
ADD CONSTRAINT fk_cname
FOREIGN KEY (cname) REFERENCES company.companies(cname)
ON DELETE CASCADE
ON UPDATE CASCADE;
Summary of Steps:
Add a unique constraint on cname in company.companies.

Add the foreign key constraint on cname in department.service.

This should resolve the issue and allow the foreign key constraint to be successfully added.


*Important Note:

Yes, your statement is correct. For a column in a table to be referenced by a foreign key in another table, the parent column (the column in the referenced table) must have either a primary key, unique key, or be indexed. Here’s a breakdown of why this is the case:

🔑 Foreign Key Requirements:
Primary Key:

A primary key is a special case of unique key.

Every primary key is automatically indexed.

A foreign key must reference a primary key or a unique key in the parent table to ensure the referenced column has unique values.

Unique Key:

A unique key ensures that every value in the column is distinct. This is similar to a primary key but allows NULL values (except in some cases, depending on database engine).

The foreign key must reference a unique key or primary key to avoid ambiguity in the relationship.

Indexed Column:

The column being referenced by the foreign key must be indexed. In most cases, when you create a primary or unique key, an index is automatically created on that column.

An index ensures that searches for values in the referenced column are efficient. However, it’s not mandatory to create an index explicitly on the referenced column unless you have a unique constraint.

🔹 Key Points to Remember:
The column in the referenced table (parent table) must either be a:

Primary key, or

Unique key, or

Indexed column (usually either primary or unique).

The foreign key column in the child table can be any column, but it must reference the column in the parent table with one of the above constraints.

Example:
Parent Table (company.companies):

You need a unique key or primary key on the cname column to be able to reference it with a foreign key.

Child Table (employee.person):

The cname column in this table can then reference the cname column in the company.companies table because it's unique (or indexed).

SQL Example to Ensure cname is Unique:
sql
-- Create a unique constraint on the 'cname' column in the 'company.companies' table
ALTER TABLE company.companies
ADD CONSTRAINT unique_cname UNIQUE (cname);
Conclusion:
To sum up, yes, the parent table's column being referenced by the foreign key must be indexed, and the column should ideally be unique or a primary key to ensure data integrity and avoid ambiguity.


No, it is not compulsory to have a foreign key in a table in order to join that table with other tables.

Joining Tables Without Foreign Keys:
Foreign keys are used to enforce referential integrity, which ensures that relationships between tables are valid. However, foreign keys are not required to perform SQL JOINs.

You can join tables based on any matching columns, even if those columns are not explicitly defined as foreign keys or primary keys.

What is a JOIN?
A JOIN is used to combine rows from two or more tables based on a related column, but this column doesn't have to be a foreign key.

Example of JOIN without Foreign Keys:
Assume we have two tables:

employees:

emp_id, first_name, last_name, dept_id

departments:

dept_id, dept_name

You can join the tables like this:

sql
Copy
Edit
SELECT e.first_name, e.last_name, d.dept_name
FROM employees e
JOIN departments d ON e.dept_id = d.dept_id;
Here, dept_id is being used to join the tables, but it's not a foreign key (it could be just an ordinary column in both tables). The join works fine as long as the column exists and the values match between the two tables.

Foreign Key vs JOIN:
Foreign Key: A foreign key helps to enforce data integrity by ensuring that a value in one table corresponds to a valid value in another table. It is used to maintain relationships between tables.

JOIN: A JOIN is just a way to retrieve related data from multiple tables, based on common columns. It doesn't require foreign keys to work, as long as there’s a column in both tables with related data.

Why Use Foreign Keys?
Referential Integrity: A foreign key ensures that the relationships between tables are valid and consistent.

Cascade Operations: You can set up cascading updates or deletions with foreign keys.

Data Validation: A foreign key prevents the insertion of data that doesn’t correspond to any valid entry in the referenced table.

Example Without Foreign Keys (But Still Valid Join):
sql
Copy
Edit
-- Assume we join two tables: orders and customers
SELECT o.order_id, c.customer_name
FROM orders o
JOIN customers c ON o.customer_id = c.customer_id;
Here, customer_id is used to join the two tables, but there may not necessarily be a foreign key constraint between these columns in the database schema. It’s just matching values from both tables.

In Summary:
Foreign keys are not required for joining tables. They are useful for maintaining data integrity but not necessary for joining data.

JOINS simply work based on common columns, regardless of whether they are foreign keys or not.

Uniqueness is not required for a join to work. The join will still return results even if the columns are not unique.

Uniqueness becomes important when using foreign keys (referential integrity) or when you need to avoid duplicate results in certain queries.

*important note : requirements for join:
Conclusion:
The values do not need to be exactly the same in every case, but they must logically correspond or match the type you are trying to join on.
They must be compatible data types (e.g., integers, strings).
You may need to handle cases where the values are close but not identical (e.g., case sensitivity, partial matches, or formatting differences).



//Adding cascading relationship between table 

ALTER TABLE department.service
ADD CONSTRAINT fk_service_company
FOREIGN KEY (cname) REFERENCES company.companies(cname)
ON DELETE CASCADE
ON UPDATE CASCADE;
c
ALTER TABLE employee.person
ADD CONSTRAINT fk_employee_company
FOREIGN KEY (cname) REFERENCES company.companies(cname)
ON DELETE CASCADE
ON UPDATE CASCADE;


now eveything is ready let's start join employee,department-> companay


select * from company.companies as c inner join department.service as s on c.cname=s.cname;



mysql> select * from company.companies as c inner join department.service as s on c.cname=s.cname;
+------------+-------------+--------------+--------------+------------+---------------------+------------------------------------------+--------------+-------------+
| company_id | cname       | industry     | founded_year | service_id | service_name        | service_description                      | service_date | cname       |
+------------+-------------+--------------+--------------+------------+---------------------+------------------------------------------+--------------+-------------+
|          1 | TechNova    | Technology   |         2005 |          1 | Cloud Hosting       | High-performance cloud hosting solutions | 2023-05-10   | TechNova    |
|          2 | HealthFirst | Healthcare   |         2010 |          2 | Medical Checkup     | Annual health checkup program            | 2023-06-15   | HealthFirst |
|          3 | EcoBuild    | Construction |         2001 |          3 | Smart Building      | Automated construction tech              | 2023-07-20   | EcoBuild    |
|          4 | FinCore     | Finance      |         2015 |          4 | Investment Planning | Personalized financial advice            | 2023-08-05   | FinCore     |
+------------+-------------+--------------+--------------+------------+---------------------+------------------------------------------+--------------+-------------+
4 rows in set (0.00 sec)

mysql> select * from company.companies as c inner join department.service as s on c.cname=s.cname, inner join employee.person as p on c.cname=p.cname;
ERROR 1064 (42000): You have an error in your SQL syntax; check the manual that corresponds to your MySQL server version for the right syntax to use near 'inner join employee.person as p on c.cname=p.cname' at line 1
mysql> select * from company.companies as c inner join department.service as s on c.cname=s.cname inner join employee.person as p on c.cname=p.cname;
+------------+-------------+--------------+--------------+------------+---------------------+------------------------------------------+--------------+-------------+----+------------+-----------+------+-------------+
| company_id | cname       | industry     | founded_year | service_id | service_name        | service_description                      | service_date | cname       | id | first_name | last_name | age  | cname       |
+------------+-------------+--------------+--------------+------------+---------------------+------------------------------------------+--------------+-------------+----+------------+-----------+------+-------------+
|          1 | TechNova    | Technology   |         2005 |          1 | Cloud Hosting       | High-performance cloud hosting solutions | 2023-05-10   | TechNova    |  1 | John       | Doe       |   28 | TechNova    |
|          2 | HealthFirst | Healthcare   |         2010 |          2 | Medical Checkup     | Annual health checkup program            | 2023-06-15   | HealthFirst |  2 | Alice      | Smith     |   32 | HealthFirst |
|          3 | EcoBuild    | Construction |         2001 |          3 | Smart Building      | Automated construction tech              | 2023-07-20   | EcoBuild    |  3 | Bob        | Johnson   |   45 | EcoBuild    |
|          4 | FinCore     | Finance      |         2015 |          4 | Investment Planning | Personalized financial advice            | 2023-08-05   | FinCore     |  4 | Clara      | White     |   29 | FinCore     |
+------------+-------------+--------------+--------------+------------+---------------------+------------------------------------------+--------------+-------------+----+------------+-----------+------+-------------+










23. Write a query to show the founding year distribution of companies that offer services
sql
Copy
SELECT 
    c.founded_year,
    COUNT(*) AS company_count,
    GROUP_CONCAT(c.cname) AS companies,
    COUNT(s.service_id) AS service_count
FROM company.companies c
LEFT JOIN department.service s ON c.cname = s.cname
GROUP BY c.founded_year
ORDER BY c.founded_year;

24. How would you calculate employee age distribution per industry?
sql
Copy
SELECT 
    c.industry,
    FLOOR(p.age/10)*10 AS age_group,
    COUNT(*) AS employee_count,
    GROUP_CONCAT(p.first_name) AS employees
FROM employee.person p
JOIN company.companies c ON p.cname = c.cname
GROUP BY c.industry, age_group
ORDER BY c.industry, age_group;
Schema Evolution

25. How would you modify this schema to support multiple industries per company?
Approach using a junction table:

sql
Copy
CREATE TABLE company.company_industries (
    company_id INT,
    industry VARCHAR(100),
    PRIMARY KEY (company_id, industry),
    FOREIGN KEY (company_id) REFERENCES company.companies(company_id)
);

-- Migrate existing data
INSERT INTO company.company_industries
SELECT company_id, industry FROM company.companies;

-- Then alter companies table to remove industry column
ALTER TABLE company.companies DROP COLUMN industry;



```
